$git add 文件名
$git commit -m "内容"  
简单解释一下git commit命令，-m后面输入的是本次提交的说明，可以输入任意内容，当然最好是有意义的，这样你就能从历史记录里方便地找到改动记录。
嫌麻烦不想输入-m "xxx"行不行？确实有办法可以这么干，但是强烈不建议你这么干，因为输入说明对自己对别人阅读都很重要。实在不想输入说明的童鞋请自行Google，我不告诉你这个参数。
git commit命令执行成功后会告诉你，1 file changed：1个文件被改动（我们新添加的readme.txt文件）；2 insertions：插入了两行内容（readme.txt有两行内容）。

$git status 
PS:On branch master
Changes not staged for commit:
  (use "git add <file>..." to update what will be committed)
  (use "git checkout -- <file>..." to discard changes in working directory)

	modified:   readme.txt

no changes added to commit (use "git add" and/or "git commit -a")
$git status命令可以让我们时刻掌握仓库当前的状态，上面的命令输出告诉我们，readme.txt被修改过了，但还没有准备提交的修改。

$git diff readme.txt
PS:能查看具体修改的内容（前一个版本，和改后的新版本的差别）

举例:
$ git diff readme.txt 
diff --git a/readme.txt b/readme.txt
index 46d49bf..9247db6 100644
--- a/readme.txt
+++ b/readme.txt
@@ -1,2 +1,2 @@
-Git is a version control system.
+Git is a distributed version control system.
 Git is free software.

git diff顾名思义就是查看difference，显示的格式正是Unix通用的diff格式，可以从上面的命令输出看到，我们在第一行添加了一个distributed单词。

$git log    
PS:git log命令显示从最近到最远的提交日志，我们可以看到3次提交，最近的一次是append GPL，上一次是add distributed，最早的一次是wrote a readme file。

git中，用HEAD表示当前版本

$git reset --hard HEAD^   
PS：表示恢复成上一个版本的  （上一个版本就是HEAD^，上上一个版本就是HEAD^^，当然往上100个版本写100个^比较容易数不过来，所以写成HEAD~100。)

以下可以再回到未来的方法：
最新的那个版本append GPL已经看不到了！好比你从21世纪坐时光穿梭机来到了19世纪，想再回去已经回不去了，肿么办？
办法其实还是有的，只要上面的命令行窗口还没有被关掉，你就可以顺着往上找啊找啊，找到那个append GPL的commit id是1094adb...，于是就可以指定回到未来的某个版本：
$ git reset --hard 1094a
HEAD is now at 83b0afe append GPL
版本号没必要写全，前几位就可以了，Git会自动去找。当然也不能只写前一两位，因为Git可能会找到多个版本号，就无法确定是哪一个了。

现在总结一下：
HEAD指向的版本就是当前版本，因此，Git允许我们在版本的历史之间穿梭，使用命令git reset --hard commit_id。
穿梭前，用git log可以查看提交历史，以便确定要回退到哪个版本。
要重返未来，用git reflog查看命令历史，以便确定要回到未来的哪个版本。


第一步是用git add把文件添加进去，实际上就是把文件修改添加到暂存区；
第二步是用git commit提交更改，实际上就是把暂存区的所有内容提交到当前分支。
因为我们创建Git版本库时，Git自动为我们创建了唯一一个master分支，所以，现在，git commit就是往master分支上提交更改。
你可以简单理解为，需要提交的文件修改通通放到暂存区，然后，一次性提交暂存区的所有修改。

**每次修改，如果不用git add到暂存区，那就不会加入到commit中，所以每次修改完之后，先add，再commit



$ git reset HEAD readme.txt   该命令既可以回退版本，也可以把暂存区的修改回退到工作区。当我们用HEAD时，表示最新的版本。
$ git checkout -- readme.txt  可以再退回（这个命令适用于还未add的文件)

又到了小结时间。
场景1：当你改乱了工作区某个文件的内容，想直接丢弃工作区的修改时，用命令git checkout -- file。
场景2：当你不但改乱了工作区某个文件的内容，还添加到了暂存区时，想丢弃修改，分两步，第一步用命令git reset HEAD <file>，就回到了场景1，第二步按场景1操作。
场景3：已经提交了不合适的修改到版本库时，想要撤销本次提交，参考版本回退一节，不过前提是没有推送到远程库。



$rm test.txt   rm命令是删除，这里是删除test.txt文件的意思（删除工作区的）
$git rm test.txt   删除版本库中的文件  记得删除后，再使用 git commit -m"已删除" 方法进行递交
 









